18:43:55 **** Incremental Build of configuration Debug for project F401 ****
make -j12 all 
arm-none-eabi-gcc "../Src/main.c" -mcpu=cortex-m4 -std=gnu11 -g3 -DDEBUG -DNUCLEO_F401RE -DSTM32 -DSTM32F401RETx -DSTM32F4 -c -I"C:/Users/ravis/Desktop/DRIVERFORSTM32/F401/driver/inc" -I"C:/Users/ravis/Desktop/DRIVERFORSTM32/F401/driver/src" -I../Inc -O0 -ffunction-sections -fdata-sections -Wall -fstack-usage -fcyclomatic-complexity -MMD -MP -MF"Src/main.d" -MT"Src/main.o" --specs=nano.specs -mfpu=fpv4-sp-d16 -mfloat-abi=hard -mthumb -o "Src/main.o"
arm-none-eabi-gcc -o "F401.elf" @"objects.list"   -mcpu=cortex-m4 -T"C:\Users\ravis\Desktop\DRIVERFORSTM32\F401\STM32F401RETX_FLASH.ld" --specs=nosys.specs -Wl,-Map="F401.map" -Wl,--gc-sections -static --specs=nano.specs -mfpu=fpv4-sp-d16 -mfloat-abi=hard -mthumb -Wl,--start-group -lc -lm -Wl,--end-group
Finished building target: F401.elf
 
arm-none-eabi-size  F401.elf 
arm-none-eabi-objdump -h -S F401.elf  > "F401.list"
   text	   data	    bss	    dec	    hex	filename
   1004	      8	   1568	   2580	    a14	F401.elf
Finished building: default.size.stdout
 
Finished building: F401.list
 
18:43:58 **** Incremental Build of configuration Debug for project F401 ****
make -j12 all 
arm-none-eabi-size  F401.elf 
   text	   data	    bss	    dec	    hex	filename
   1004	      8	   1568	   2580	    a14	F401.elf
Finished building: default.size.stdout
 
